C51 COMPILER V9.01   FOOD                                                                  05/24/2017 23:31:07 PAGE 1   


C51 COMPILER V9.01, COMPILATION OF MODULE FOOD
OBJECT MODULE PLACED IN Food.OBJ
COMPILER INVOKED BY: D:\Program\Keil\C51\BIN\C51.EXE Food.c LARGE BROWSE DEBUG OBJECTEXTEND

line level    source

   1          #include "Food.h"
   2          #include <stdlib.h> //rand()º¯Êý
   3          
   4          void initFood(Food *food)
   5          {
   6   1              (*food).count = 0;
   7   1              foodsetPos(food, getRandomFreePos());
   8   1      }
   9          
  10          
  11          unsigned char getRandomFreePos()
  12          {
  13   1              unsigned char i, j, freePos[64], freeSize = 0;
  14   1              for (i = 0; i < 8; i++)
  15   1                      for (j = 0; j < 8; j++)
  16   1                              if (redMatrix[i][j] == 0)
  17   1                                      freePos[freeSize++] = xyToInt(j + 1, i + 1);
  18   1              return freePos[rand() % freeSize];
  19   1      }
  20          
  21          void foodsetPos(Food *food, unsigned char pos)
  22          {
  23   1              (*food).x = intToPoint(pos).x;
  24   1              (*food).y = intToPoint(pos).y;
  25   1              (*food).count = 1;
  26   1      }
  27          
  28          unsigned char foodEaten(Food *food)
  29          {
  30   1              if (!foodExist(food))
  31   1                      return 0;
  32   1              (*food).count = 0;
  33   1              initGreenMatrix();
  34   1              return 1;
  35   1      }
  36          
  37          unsigned char foodExist(Food * food) { return (*food).count == 0 ? 0 : 1; }
  38          
  39          void foodShow(Food *food)
  40          {
  41   1              if (!foodExist(food))
  42   1                      return;
  43   1              updateGreenMatXY((*food).x, (*food).y);
  44   1      }
  45          


MODULE INFORMATION:   STATIC OVERLAYABLE
   CODE SIZE        =    382    ----
   CONSTANT SIZE    =   ----    ----
   XDATA SIZE       =   ----      80
   PDATA SIZE       =   ----    ----
   DATA SIZE        =   ----    ----
   IDATA SIZE       =   ----    ----
   BIT SIZE         =   ----    ----
C51 COMPILER V9.01   FOOD                                                                  05/24/2017 23:31:07 PAGE 2   

END OF MODULE INFORMATION.


C51 COMPILATION COMPLETE.  0 WARNING(S),  0 ERROR(S)
