C51 COMPILER V9.01   KEYBOARDINPUT                                                         05/25/2017 14:40:53 PAGE 1   


C51 COMPILER V9.01, COMPILATION OF MODULE KEYBOARDINPUT
OBJECT MODULE PLACED IN KeyboardInput.OBJ
COMPILER INVOKED BY: D:\Program\Keil\C51\BIN\C51.EXE KeyboardInput.c LARGE BROWSE DEBUG OBJECTEXTEND

line level    source

   1          
   2          #include "KeyboardInput.h"
   3          
   4          
   5          unsigned char key_Scan() 
   6          { 
   7   1              return GPIO_KEY; 
   8   1      }
   9          
  10          Direction getDirectionFromKey(unsigned char key)
  11          {
  12   1              switch(key)
  13   1              {
  14   2              case 0xFB: 
  15   2                      return UP;
  16   2              case 0xBF: 
  17   2                      return DOWN;
  18   2              case 0xDF: 
  19   2                      return LEFT;
  20   2              case 0x7F: 
  21   2                      return RIGHT;
  22   2              }
  23   1              return NONE;
  24   1      }
  25          
  26          unsigned char onClickRestartKey(unsigned char key)
  27          {
  28   1              return key == 0xFE;
  29   1      }


MODULE INFORMATION:   STATIC OVERLAYABLE
   CODE SIZE        =     46    ----
   CONSTANT SIZE    =   ----    ----
   XDATA SIZE       =   ----    ----
   PDATA SIZE       =   ----    ----
   DATA SIZE        =   ----    ----
   IDATA SIZE       =   ----    ----
   BIT SIZE         =   ----    ----
END OF MODULE INFORMATION.


C51 COMPILATION COMPLETE.  0 WARNING(S),  0 ERROR(S)
