C51 COMPILER V9.01   POINT                                                                 06/05/2017 22:55:27 PAGE 1   


C51 COMPILER V9.01, COMPILATION OF MODULE POINT
OBJECT MODULE PLACED IN Point.OBJ
COMPILER INVOKED BY: D:\Program\Keil\C51\BIN\C51.EXE Point.c LARGE BROWSE DEBUG OBJECTEXTEND

line level    source

   1          
   2          #include "Point.h"
   3          
   4          /*
   5          unsigned char pointToInt(const Point p) 
   6          { 
   7                  return (p.y - 1) * 8 + (p.x - 1); 
   8          }
   9          */
  10          
  11          unsigned char XYToInt(const int x, const int y) 
  12          { 
  13   1              return (y - 1) * 8 + (x - 1); 
  14   1      }
  15          
  16          Point IntToPoint(unsigned char num)
  17          {
  18   1              Point p;
  19   1              p.x = num % 8 + 1;
  20   1              p.y = num / 8 + 1;
  21   1              return p;
  22   1      }


MODULE INFORMATION:   STATIC OVERLAYABLE
   CODE SIZE        =     36    ----
   CONSTANT SIZE    =   ----    ----
   XDATA SIZE       =   ----       2
   PDATA SIZE       =   ----    ----
   DATA SIZE        =   ----    ----
   IDATA SIZE       =   ----    ----
   BIT SIZE         =   ----    ----
END OF MODULE INFORMATION.


C51 COMPILATION COMPLETE.  0 WARNING(S),  0 ERROR(S)
